
Shree@DESKTOP-D72D665 MINGW64 ~/Desktop/FDJB146
$ git version
git version 2.37.1.windows.1


Shree@DESKTOP-D72D665 MINGW64 ~/Desktop/New folder
$ git config --global user.name "abc"

Shree@DESKTOP-D72D665 MINGW64 ~/Desktop/New folder
$ git config --global user.email "abc@gmail.com"


Shree@DESKTOP-D72D665 MINGW64 ~/Desktop/FDJB146
$ git init
Initialized empty Git repository in C:/Users/Shree/Desktop/FDJB146/.git/

Shree@DESKTOP-D72D665 MINGW64 ~/Desktop/FDJB146 (master)
$ git add remote origin "https://github.com/cjcnkolhe/FDJ-B146.git"
fatal: pathspec 'remote' did not match any files

Shree@DESKTOP-D72D665 MINGW64 ~/Desktop/FDJB146 (master)
$ git remote add origin "https://github.com/cjcnkolhe/FDJ-B146.git"

Shree@DESKTOP-D72D665 MINGW64 ~/Desktop/FDJB146 (master)
$ git pull origin master
remote: Enumerating objects: 3, done.
remote: Counting objects: 100% (3/3), done.
remote: Total 3 (delta 0), reused 0 (delta 0), pack-reused 0
Unpacking objects: 100% (3/3), 595 bytes | 37.00 KiB/s, done.
From https://github.com/cjcnkolhe/FDJ-B146
 * branch            master     -> FETCH_HEAD
 * [new branch]      master     -> origin/master

Shree@DESKTOP-D72D665 MINGW64 ~/Desktop/FDJB146 (master)
$ git add A.java

Shree@DESKTOP-D72D665 MINGW64 ~/Desktop/FDJB146 (master)
$ git commit -m "A.java file commited"
[master 1e5b546] A.java file commited
 1 file changed, 5 insertions(+)
 create mode 100644 A.java

Shree@DESKTOP-D72D665 MINGW64 ~/Desktop/FDJB146 (master)
$ git push origin master
Enumerating objects: 4, done.
Counting objects: 100% (4/4), done.
Delta compression using up to 4 threads
Compressing objects: 100% (2/2), done.
Writing objects: 100% (3/3), 294 bytes | 294.00 KiB/s, done.
Total 3 (delta 0), reused 0 (delta 0), pack-reused 0
To https://github.com/cjcnkolhe/FDJ-B146.git
   374002b..1e5b546  master -> master

Shree@DESKTOP-D72D665 MINGW64 ~/Desktop/FDJB146 (master)
$ git status
On branch master
Untracked files:
  (use "git add <file>..." to include in what will be committed)
        B.java

nothing added to commit but untracked files present (use "git add" to track)

Shree@DESKTOP-D72D665 MINGW64 ~/Desktop/FDJB146 (master)
$ git add B.java

Shree@DESKTOP-D72D665 MINGW64 ~/Desktop/FDJB146 (master)
$ git status
On branch master
Changes to be committed:
  (use "git restore --staged <file>..." to unstage)
        new file:   B.java


Shree@DESKTOP-D72D665 MINGW64 ~/Desktop/FDJB146 (master)
$ git commit -m "B.java file commited"
[master 5aaf3fa] B.java file commited
 1 file changed, 4 insertions(+)
 create mode 100644 B.java

Shree@DESKTOP-D72D665 MINGW64 ~/Desktop/FDJB146 (master)
$ git status
On branch master
nothing to commit, working tree clean

Shree@DESKTOP-D72D665 MINGW64 ~/Desktop/FDJB146 (master)
$ git push origin master
Enumerating objects: 4, done.
Counting objects: 100% (4/4), done.
Delta compression using up to 4 threads
Compressing objects: 100% (2/2), done.
Writing objects: 100% (3/3), 322 bytes | 322.00 KiB/s, done.
Total 3 (delta 0), reused 0 (delta 0), pack-reused 0
To https://github.com/cjcnkolhe/FDJ-B146.git
   1e5b546..5aaf3fa  master -> master

Shree@DESKTOP-D72D665 MINGW64 ~/Desktop/FDJB146 (master)
$ git checkout -b team1
Switched to a new branch 'team1'

Shree@DESKTOP-D72D665 MINGW64 ~/Desktop/FDJB146 (team1)
$ git status
On branch team1
Untracked files:
  (use "git add <file>..." to include in what will be committed)
        LoginModule/

nothing added to commit but untracked files present (use "git add" to track)

Shree@DESKTOP-D72D665 MINGW64 ~/Desktop/FDJB146 (team1)
$ git add LoginModule

Shree@DESKTOP-D72D665 MINGW64 ~/Desktop/FDJB146 (team1)
$ git commit -m "LoginModule commited"
[team1 729ca87] LoginModule commited
 1 file changed, 5 insertions(+)
 create mode 100644 LoginModule/Login.java

Shree@DESKTOP-D72D665 MINGW64 ~/Desktop/FDJB146 (team1)
$ git push origin team1
Enumerating objects: 5, done.
Counting objects: 100% (5/5), done.
Delta compression using up to 4 threads
Compressing objects: 100% (2/2), done.
Writing objects: 100% (4/4), 412 bytes | 412.00 KiB/s, done.
Total 4 (delta 0), reused 0 (delta 0), pack-reused 0
remote:
remote: Create a pull request for 'team1' on GitHub by visiting:
remote:      https://github.com/cjcnkolhe/FDJ-B146/pull/new/team1
remote:
To https://github.com/cjcnkolhe/FDJ-B146.git
 * [new branch]      team1 -> team1

Shree@DESKTOP-D72D665 MINGW64 ~/Desktop/FDJB146 (team1)
$ git checkout master
Switched to branch 'master'

Shree@DESKTOP-D72D665 MINGW64 ~/Desktop/FDJB146 (master)
$ git checkout team1
Switched to branch 'team1'

Shree@DESKTOP-D72D665 MINGW64 ~/Desktop/FDJB146 (team1)
$ git checkout master
Switched to branch 'master'

Shree@DESKTOP-D72D665 MINGW64 ~/Desktop/FDJB146 (master)
$ git checkout -b team2
Switched to a new branch 'team2'

Shree@DESKTOP-D72D665 MINGW64 ~/Desktop/FDJB146 (team2)
$ git add paymentLogin

Shree@DESKTOP-D72D665 MINGW64 ~/Desktop/FDJB146 (team2)
$ git commit -m " paymentLogin"
On branch team2
Untracked files:
  (use "git add <file>..." to include in what will be committed)
        PaymentLogin/

nothing added to commit but untracked files present (use "git add" to track)

Shree@DESKTOP-D72D665 MINGW64 ~/Desktop/FDJB146 (team2)
$ git add PaymentLogin

Shree@DESKTOP-D72D665 MINGW64 ~/Desktop/FDJB146 (team2)
$ git commit-m "paymentlogin commited "
git: 'commit-m' is not a git command. See 'git --help'.

The most similar command is
        commit-tree

Shree@DESKTOP-D72D665 MINGW64 ~/Desktop/FDJB146 (team2)
$ git add PaymentLogin

Shree@DESKTOP-D72D665 MINGW64 ~/Desktop/FDJB146 (team2)
$ git commit-m "paymentlogin commited "
git: 'commit-m' is not a git command. See 'git --help'.

The most similar command is
        commit-tree

Shree@DESKTOP-D72D665 MINGW64 ~/Desktop/FDJB146 (team2)
$ git commit -m "paymentlogin commited "
[team2 f647aa6] paymentlogin commited
 1 file changed, 5 insertions(+)
 create mode 100644 PaymentLogin/Payment.java

Shree@DESKTOP-D72D665 MINGW64 ~/Desktop/FDJB146 (team2)
$ git push origin team2
Enumerating objects: 5, done.
Counting objects: 100% (5/5), done.
Delta compression using up to 4 threads
Compressing objects: 100% (2/2), done.
Writing objects: 100% (4/4), 416 bytes | 416.00 KiB/s, done.
Total 4 (delta 0), reused 0 (delta 0), pack-reused 0
remote:
remote: Create a pull request for 'team2' on GitHub by visiting:
remote:      https://github.com/cjcnkolhe/FDJ-B146/pull/new/team2
remote:
To https://github.com/cjcnkolhe/FDJ-B146.git
 * [new branch]      team2 -> team2

Shree@DESKTOP-D72D665 MINGW64 ~/Desktop/FDJB146 (team2)
$ git checkout master
Switched to branch 'master'

Shree@DESKTOP-D72D665 MINGW64 ~/Desktop/FDJB146 (master)
$ git merge team1 -m "team1 merge"
Updating 5aaf3fa..729ca87
Fast-forward (no commit created; -m option ignored)
 LoginModule/Login.java | 5 +++++
 1 file changed, 5 insertions(+)
 create mode 100644 LoginModule/Login.java

Shree@DESKTOP-D72D665 MINGW64 ~/Desktop/FDJB146 (master)
$ git push origin master
Total 0 (delta 0), reused 0 (delta 0), pack-reused 0
To https://github.com/cjcnkolhe/FDJ-B146.git
   5aaf3fa..729ca87  master -> master

Shree@DESKTOP-D72D665 MINGW64 ~/Desktop/FDJB146 (master)
